[INFO] Scanning for projects...
[INFO] 
[INFO] ------------------< com.casaglass:casaglass-backend >-------------------
[INFO] Building casaglass-backend 0.0.1-SNAPSHOT
[INFO]   from pom.xml
[INFO] --------------------------------[ jar ]---------------------------------
[INFO] 
[INFO] --- resources:3.3.1:resources (default-resources) @ casaglass-backend ---
[INFO] Copying 3 resources from src\main\resources to target\classes
[INFO] Copying 0 resource from src\main\resources to target\classes
[INFO] 
[INFO] --- compiler:3.13.0:compile (default-compile) @ casaglass-backend ---
[INFO] Nothing to compile - all classes are up to date.
[INFO] 
[INFO] --- resources:3.3.1:testResources (default-testResources) @ casaglass-backend ---
[INFO] Copying 1 resource from src\test\resources to target\test-classes
[INFO] 
[INFO] --- compiler:3.13.0:testCompile (default-testCompile) @ casaglass-backend ---
[INFO] Nothing to compile - all classes are up to date.
[INFO] 
[INFO] --- surefire:3.2.5:test (default-test) @ casaglass-backend ---
[INFO] Using auto detected provider org.apache.maven.surefire.junitplatform.JUnitPlatformProvider
[INFO] 
[INFO] -------------------------------------------------------
[INFO]  T E S T S
[INFO] -------------------------------------------------------
[INFO] Running com.casaglass.casaglass_backend.service.OrdenServiceSede1ValidationTest
[ERROR] Tests run: 4, Failures: 0, Errors: 4, Skipped: 0, Time elapsed: 0.069 s <<< FAILURE! -- in com.casaglass.casaglass_backend.service.OrdenServiceSede1ValidationTest
[ERROR] com.casaglass.casaglass_backend.service.OrdenServiceSede1ValidationTest.testVentaConfirmadaSinCmBaseRechazada -- Time elapsed: 0.010 s <<< ERROR!
java.lang.Error: 
Unresolved compilation problems: 
	The method setCantidad(Double) in the type OrdenVentaDTO.OrdenItemVentaDTO is not applicable for the arguments (int)
	The method setPrecio(double) is undefined for the type OrdenVentaDTO.OrdenItemVentaDTO

	at com.casaglass.casaglass_backend.service.OrdenServiceSede1ValidationTest.testVentaConfirmadaSinCmBaseRechazada(OrdenServiceSede1ValidationTest.java:67)
	at java.base/java.lang.reflect.Method.invoke(Method.java:569)
	at java.base/java.util.ArrayList.forEach(ArrayList.java:1511)
	at java.base/java.util.ArrayList.forEach(ArrayList.java:1511)

[ERROR] com.casaglass.casaglass_backend.service.OrdenServiceSede1ValidationTest.testCotizacionSinCmBasePermitida -- Time elapsed: 0.019 s <<< ERROR!
java.lang.Error: 
Unresolved compilation problems: 
	The method setCantidad(Double) in the type OrdenVentaDTO.OrdenItemVentaDTO is not applicable for the arguments (int)
	The method setPrecio(double) is undefined for the type OrdenVentaDTO.OrdenItemVentaDTO

	at com.casaglass.casaglass_backend.service.OrdenServiceSede1ValidationTest.testCotizacionSinCmBasePermitida(OrdenServiceSede1ValidationTest.java:25)
	at java.base/java.lang.reflect.Method.invoke(Method.java:569)
	at java.base/java.util.ArrayList.forEach(ArrayList.java:1511)
	at java.base/java.util.ArrayList.forEach(ArrayList.java:1511)

[ERROR] com.casaglass.casaglass_backend.service.OrdenServiceSede1ValidationTest.testVentaConCmBase600Permitida -- Time elapsed: 0.003 s <<< ERROR!
java.lang.Error: 
Unresolved compilation problems: 
	The method setCantidad(Double) in the type OrdenVentaDTO.OrdenItemVentaDTO is not applicable for the arguments (int)
	The method setPrecio(double) is undefined for the type OrdenVentaDTO.OrdenItemVentaDTO

	at com.casaglass.casaglass_backend.service.OrdenServiceSede1ValidationTest.testVentaConCmBase600Permitida(OrdenServiceSede1ValidationTest.java:91)
	at java.base/java.lang.reflect.Method.invoke(Method.java:569)
	at java.base/java.util.ArrayList.forEach(ArrayList.java:1511)
	at java.base/java.util.ArrayList.forEach(ArrayList.java:1511)

[ERROR] com.casaglass.casaglass_backend.service.OrdenServiceSede1ValidationTest.testCmBaseInvalidoRechazado -- Time elapsed: 0.007 s <<< ERROR!
java.lang.Error: 
Unresolved compilation problems: 
	The method setCantidad(Double) in the type OrdenVentaDTO.OrdenItemVentaDTO is not applicable for the arguments (int)
	The method setPrecio(double) is undefined for the type OrdenVentaDTO.OrdenItemVentaDTO

	at com.casaglass.casaglass_backend.service.OrdenServiceSede1ValidationTest.testCmBaseInvalidoRechazado(OrdenServiceSede1ValidationTest.java:115)
	at java.base/java.lang.reflect.Method.invoke(Method.java:569)
	at java.base/java.util.ArrayList.forEach(ArrayList.java:1511)
	at java.base/java.util.ArrayList.forEach(ArrayList.java:1511)

[INFO] 
[INFO] Results:
[INFO] 
[ERROR] Errors: 
[ERROR]   OrdenServiceSede1ValidationTest.testCmBaseInvalidoRechazado:115  Unresolved compilation problems: 
	The method setCantidad(Double) in the type OrdenVentaDTO.OrdenItemVentaDTO is not applicable for the arguments (int)
	The method setPrecio(double) is undefined for the type OrdenVentaDTO.OrdenItemVentaDTO

[ERROR]   OrdenServiceSede1ValidationTest.testCotizacionSinCmBasePermitida:25  Unresolved compilation problems: 
	The method setCantidad(Double) in the type OrdenVentaDTO.OrdenItemVentaDTO is not applicable for the arguments (int)
	The method setPrecio(double) is undefined for the type OrdenVentaDTO.OrdenItemVentaDTO

[ERROR]   OrdenServiceSede1ValidationTest.testVentaConCmBase600Permitida:91  Unresolved compilation problems: 
	The method setCantidad(Double) in the type OrdenVentaDTO.OrdenItemVentaDTO is not applicable for the arguments (int)
	The method setPrecio(double) is undefined for the type OrdenVentaDTO.OrdenItemVentaDTO

[ERROR]   OrdenServiceSede1ValidationTest.testVentaConfirmadaSinCmBaseRechazada:67  Unresolved compilation problems: 
	The method setCantidad(Double) in the type OrdenVentaDTO.OrdenItemVentaDTO is not applicable for the arguments (int)
	The method setPrecio(double) is undefined for the type OrdenVentaDTO.OrdenItemVentaDTO

[INFO] 
[ERROR] Tests run: 4, Failures: 0, Errors: 4, Skipped: 0
[INFO] 
[INFO] ------------------------------------------------------------------------
[INFO] BUILD FAILURE
[INFO] ------------------------------------------------------------------------
[INFO] Total time:  2.451 s
[INFO] Finished at: 2026-04-09T02:28:55-05:00
[INFO] ------------------------------------------------------------------------
[ERROR] Failed to execute goal org.apache.maven.plugins:maven-surefire-plugin:3.2.5:test (default-test) on project casaglass-backend: 
[ERROR] 
[ERROR] Please refer to C:\Users\JAAL\Documents\casaglass-backend\target\surefire-reports for the individual test results.
[ERROR] Please refer to dump files (if any exist) [date].dump, [date]-jvmRun[N].dump and [date].dumpstream.
[ERROR] -> [Help 1]
[ERROR] 
[ERROR] To see the full stack trace of the errors, re-run Maven with the -e switch.
[ERROR] Re-run Maven using the -X switch to enable full debug logging.
[ERROR] 
[ERROR] For more information about the errors and possible solutions, please read the following articles:
[ERROR] [Help 1] http://cwiki.apache.org/confluence/display/MAVEN/MojoFailureException
